<?xml version="1.0" encoding="UTF-8"?>
<testsuites>
  <testsuite name="" tests="170" assertions="341" errors="0" failures="1" skipped="0" time="0.489804">
    <testsuite name="test\Builder\Sql\MySql\ConfigTest" file="/mnt/c/Users/firei/www/query-mule/tests/Builder/Connection/ConfigTest.php" tests="1" assertions="1" errors="0" failures="0" skipped="0" time="0.003006">
      <testcase name="testInvalidConfig" class="test\Builder\Sql\MySql\ConfigTest" classname="test.Builder.Sql.MySql.ConfigTest" file="/mnt/c/Users/firei/www/query-mule/tests/Builder/Connection/ConfigTest.php" line="34" assertions="1" time="0.003006"/>
    </testsuite>
    <testsuite name="test\Builder\Sql\MySql\MysqliDriverTest" file="/mnt/c/Users/firei/www/query-mule/tests/Builder/Connection/Driver/MysqliDriverTest.php" tests="9" assertions="26" errors="0" failures="0" skipped="0" time="0.062786">
      <testcase name="testBindParameters" class="test\Builder\Sql\MySql\MysqliDriverTest" classname="test.Builder.Sql.MySql.MysqliDriverTest" file="/mnt/c/Users/firei/www/query-mule/tests/Builder/Connection/Driver/MysqliDriverTest.php" line="21" assertions="3" time="0.024478"/>
      <testcase name="testExecutionErrorLogged" class="test\Builder\Sql\MySql\MysqliDriverTest" classname="test.Builder.Sql.MySql.MysqliDriverTest" file="/mnt/c/Users/firei/www/query-mule/tests/Builder/Connection/Driver/MysqliDriverTest.php" line="53" assertions="4" time="0.004714"/>
      <testcase name="testFetch" class="test\Builder\Sql\MySql\MysqliDriverTest" classname="test.Builder.Sql.MySql.MysqliDriverTest" file="/mnt/c/Users/firei/www/query-mule/tests/Builder/Connection/Driver/MysqliDriverTest.php" line="79" assertions="4" time="0.007684"/>
      <testcase name="testFetchAll" class="test\Builder\Sql\MySql\MysqliDriverTest" classname="test.Builder.Sql.MySql.MysqliDriverTest" file="/mnt/c/Users/firei/www/query-mule/tests/Builder/Connection/Driver/MysqliDriverTest.php" line="115" assertions="4" time="0.006374"/>
      <testcase name="testCacheSet" class="test\Builder\Sql\MySql\MysqliDriverTest" classname="test.Builder.Sql.MySql.MysqliDriverTest" file="/mnt/c/Users/firei/www/query-mule/tests/Builder/Connection/Driver/MysqliDriverTest.php" line="151" assertions="4" time="0.011070"/>
      <testcase name="testCacheGet" class="test\Builder\Sql\MySql\MysqliDriverTest" classname="test.Builder.Sql.MySql.MysqliDriverTest" file="/mnt/c/Users/firei/www/query-mule/tests/Builder/Connection/Driver/MysqliDriverTest.php" line="188" assertions="2" time="0.003574"/>
      <testcase name="testFilter" class="test\Builder\Sql\MySql\MysqliDriverTest" classname="test.Builder.Sql.MySql.MysqliDriverTest" file="/mnt/c/Users/firei/www/query-mule/tests/Builder/Connection/Driver/MysqliDriverTest.php" line="204" assertions="1" time="0.001390"/>
      <testcase name="testSelect" class="test\Builder\Sql\MySql\MysqliDriverTest" classname="test.Builder.Sql.MySql.MysqliDriverTest" file="/mnt/c/Users/firei/www/query-mule/tests/Builder/Connection/Driver/MysqliDriverTest.php" line="215" assertions="2" time="0.001954"/>
      <testcase name="testStatement" class="test\Builder\Sql\MySql\MysqliDriverTest" classname="test.Builder.Sql.MySql.MysqliDriverTest" file="/mnt/c/Users/firei/www/query-mule/tests/Builder/Connection/Driver/MysqliDriverTest.php" line="233" assertions="2" time="0.001548"/>
    </testsuite>
    <testsuite name="test\Builder\Sql\MySql\PdoDriverTest" file="/mnt/c/Users/firei/www/query-mule/tests/Builder/Connection/Driver/PdoDriverTest.php" tests="16" assertions="45" errors="0" failures="0" skipped="0" time="0.051599">
      <testcase name="testExecutionErrorLogged" class="test\Builder\Sql\MySql\PdoDriverTest" classname="test.Builder.Sql.MySql.PdoDriverTest" file="/mnt/c/Users/firei/www/query-mule/tests/Builder/Connection/Driver/PdoDriverTest.php" line="22" assertions="4" time="0.009164"/>
      <testcase name="testFetch" class="test\Builder\Sql\MySql\PdoDriverTest" classname="test.Builder.Sql.MySql.PdoDriverTest" file="/mnt/c/Users/firei/www/query-mule/tests/Builder/Connection/Driver/PdoDriverTest.php" line="46" assertions="4" time="0.005618"/>
      <testcase name="testFetchAll" class="test\Builder\Sql\MySql\PdoDriverTest" classname="test.Builder.Sql.MySql.PdoDriverTest" file="/mnt/c/Users/firei/www/query-mule/tests/Builder/Connection/Driver/PdoDriverTest.php" line="71" assertions="4" time="0.005491"/>
      <testcase name="testCacheSet" class="test\Builder\Sql\MySql\PdoDriverTest" classname="test.Builder.Sql.MySql.PdoDriverTest" file="/mnt/c/Users/firei/www/query-mule/tests/Builder/Connection/Driver/PdoDriverTest.php" line="96" assertions="4" time="0.005402"/>
      <testcase name="testCacheGet" class="test\Builder\Sql\MySql\PdoDriverTest" classname="test.Builder.Sql.MySql.PdoDriverTest" file="/mnt/c/Users/firei/www/query-mule/tests/Builder/Connection/Driver/PdoDriverTest.php" line="122" assertions="2" time="0.003537"/>
      <testcase name="testFilterSqlite" class="test\Builder\Sql\MySql\PdoDriverTest" classname="test.Builder.Sql.MySql.PdoDriverTest" file="/mnt/c/Users/firei/www/query-mule/tests/Builder/Connection/Driver/PdoDriverTest.php" line="138" assertions="2" time="0.001825"/>
      <testcase name="testFilterMysql" class="test\Builder\Sql\MySql\PdoDriverTest" classname="test.Builder.Sql.MySql.PdoDriverTest" file="/mnt/c/Users/firei/www/query-mule/tests/Builder/Connection/Driver/PdoDriverTest.php" line="150" assertions="2" time="0.001899"/>
      <testcase name="testFilterPostgres" class="test\Builder\Sql\MySql\PdoDriverTest" classname="test.Builder.Sql.MySql.PdoDriverTest" file="/mnt/c/Users/firei/www/query-mule/tests/Builder/Connection/Driver/PdoDriverTest.php" line="162" assertions="2" time="0.001846"/>
      <testcase name="testFilterError" class="test\Builder\Sql\MySql\PdoDriverTest" classname="test.Builder.Sql.MySql.PdoDriverTest" file="/mnt/c/Users/firei/www/query-mule/tests/Builder/Connection/Driver/PdoDriverTest.php" line="174" assertions="2" time="0.001922"/>
      <testcase name="testSelectSqlite" class="test\Builder\Sql\MySql\PdoDriverTest" classname="test.Builder.Sql.MySql.PdoDriverTest" file="/mnt/c/Users/firei/www/query-mule/tests/Builder/Connection/Driver/PdoDriverTest.php" line="187" assertions="3" time="0.002454"/>
      <testcase name="testSelectMysql" class="test\Builder\Sql\MySql\PdoDriverTest" classname="test.Builder.Sql.MySql.PdoDriverTest" file="/mnt/c/Users/firei/www/query-mule/tests/Builder/Connection/Driver/PdoDriverTest.php" line="206" assertions="3" time="0.002323"/>
      <testcase name="testSelectPostgres" class="test\Builder\Sql\MySql\PdoDriverTest" classname="test.Builder.Sql.MySql.PdoDriverTest" file="/mnt/c/Users/firei/www/query-mule/tests/Builder/Connection/Driver/PdoDriverTest.php" line="225" assertions="3" time="0.002468"/>
      <testcase name="testSelectError" class="test\Builder\Sql\MySql\PdoDriverTest" classname="test.Builder.Sql.MySql.PdoDriverTest" file="/mnt/c/Users/firei/www/query-mule/tests/Builder/Connection/Driver/PdoDriverTest.php" line="244" assertions="1" time="0.001591"/>
      <testcase name="testStatementSqlite" class="test\Builder\Sql\MySql\PdoDriverTest" classname="test.Builder.Sql.MySql.PdoDriverTest" file="/mnt/c/Users/firei/www/query-mule/tests/Builder/Connection/Driver/PdoDriverTest.php" line="256" assertions="3" time="0.002019"/>
      <testcase name="testStatementMysql" class="test\Builder\Sql\MySql\PdoDriverTest" classname="test.Builder.Sql.MySql.PdoDriverTest" file="/mnt/c/Users/firei/www/query-mule/tests/Builder/Connection/Driver/PdoDriverTest.php" line="271" assertions="3" time="0.002050"/>
      <testcase name="testStatementPostgres" class="test\Builder\Sql\MySql\PdoDriverTest" classname="test.Builder.Sql.MySql.PdoDriverTest" file="/mnt/c/Users/firei/www/query-mule/tests/Builder/Connection/Driver/PdoDriverTest.php" line="286" assertions="3" time="0.001990"/>
    </testsuite>
    <testsuite name="test\Builder\Sql\MySql\FilterTest" file="/mnt/c/Users/firei/www/query-mule/tests/Builder/Sql/Mysql/FilterTest.php" tests="25" assertions="49" errors="0" failures="1" skipped="0" time="0.060262">
      <testcase name="testSelectWhere" class="test\Builder\Sql\MySql\FilterTest" classname="test.Builder.Sql.MySql.FilterTest" file="/mnt/c/Users/firei/www/query-mule/tests/Builder/Sql/Mysql/FilterTest.php" line="33" assertions="2" time="0.001002"/>
      <testcase name="testSelectWhereWithAlias" class="test\Builder\Sql\MySql\FilterTest" classname="test.Builder.Sql.MySql.FilterTest" file="/mnt/c/Users/firei/www/query-mule/tests/Builder/Sql/Mysql/FilterTest.php" line="40" assertions="2" time="0.001004"/>
      <testcase name="testSelectWhereAndNestedWhere" class="test\Builder\Sql\MySql\FilterTest" classname="test.Builder.Sql.MySql.FilterTest" file="/mnt/c/Users/firei/www/query-mule/tests/Builder/Sql/Mysql/FilterTest.php" line="47" assertions="2" time="0.001845"/>
      <testcase name="testSelectNestedWhereOrNestedWhere" class="test\Builder\Sql\MySql\FilterTest" classname="test.Builder.Sql.MySql.FilterTest" file="/mnt/c/Users/firei/www/query-mule/tests/Builder/Sql/Mysql/FilterTest.php" line="61" assertions="1" time="0.002035">
        <failure type="PHPUnit\Framework\ExpectationFailedException">test\Builder\Sql\MySql\FilterTest::testSelectNestedWhereOrNestedWhere
Failed asserting that two strings are equal.
--- Expected
+++ Actual
@@ @@
-'WHERE 1 ( `col_a` =? OR ( `col_b` =? ) )'
+'WHERE ( `col_a` =? OR ( `col_b` =? ) )'

/mnt/c/Users/firei/www/query-mule/tests/Builder/Sql/Mysql/FilterTest.php:70
/mnt/c/Users/firei/www/query-mule/vendor/phpunit/phpunit/phpunit:53
</failure>
      </testcase>
      <testcase name="testSelectWhereAndWhere" class="test\Builder\Sql\MySql\FilterTest" classname="test.Builder.Sql.MySql.FilterTest" file="/mnt/c/Users/firei/www/query-mule/tests/Builder/Sql/Mysql/FilterTest.php" line="74" assertions="2" time="0.001256"/>
      <testcase name="testSelectWhereOrWhere" class="test\Builder\Sql\MySql\FilterTest" classname="test.Builder.Sql.MySql.FilterTest" file="/mnt/c/Users/firei/www/query-mule/tests/Builder/Sql/Mysql/FilterTest.php" line="81" assertions="2" time="0.001230"/>
      <testcase name="testSelectWhereIn" class="test\Builder\Sql\MySql\FilterTest" classname="test.Builder.Sql.MySql.FilterTest" file="/mnt/c/Users/firei/www/query-mule/tests/Builder/Sql/Mysql/FilterTest.php" line="88" assertions="2" time="0.000997"/>
      <testcase name="testSelectWhereInOrIn" class="test\Builder\Sql\MySql\FilterTest" classname="test.Builder.Sql.MySql.FilterTest" file="/mnt/c/Users/firei/www/query-mule/tests/Builder/Sql/Mysql/FilterTest.php" line="95" assertions="2" time="0.001273"/>
      <testcase name="testSelectWhereNotIn" class="test\Builder\Sql\MySql\FilterTest" classname="test.Builder.Sql.MySql.FilterTest" file="/mnt/c/Users/firei/www/query-mule/tests/Builder/Sql/Mysql/FilterTest.php" line="102" assertions="2" time="0.001067"/>
      <testcase name="testSelectWhereNotInAndIn" class="test\Builder\Sql\MySql\FilterTest" classname="test.Builder.Sql.MySql.FilterTest" file="/mnt/c/Users/firei/www/query-mule/tests/Builder/Sql/Mysql/FilterTest.php" line="109" assertions="2" time="0.001425"/>
      <testcase name="testSelectWhereNotInOrIn" class="test\Builder\Sql\MySql\FilterTest" classname="test.Builder.Sql.MySql.FilterTest" file="/mnt/c/Users/firei/www/query-mule/tests/Builder/Sql/Mysql/FilterTest.php" line="116" assertions="2" time="0.001485"/>
      <testcase name="testSelectWhereNot" class="test\Builder\Sql\MySql\FilterTest" classname="test.Builder.Sql.MySql.FilterTest" file="/mnt/c/Users/firei/www/query-mule/tests/Builder/Sql/Mysql/FilterTest.php" line="123" assertions="2" time="0.001042"/>
      <testcase name="testSelectWhereNotAndNot" class="test\Builder\Sql\MySql\FilterTest" classname="test.Builder.Sql.MySql.FilterTest" file="/mnt/c/Users/firei/www/query-mule/tests/Builder/Sql/Mysql/FilterTest.php" line="130" assertions="2" time="0.001380"/>
      <testcase name="testSelectWhereBetween" class="test\Builder\Sql\MySql\FilterTest" classname="test.Builder.Sql.MySql.FilterTest" file="/mnt/c/Users/firei/www/query-mule/tests/Builder/Sql/Mysql/FilterTest.php" line="137" assertions="2" time="0.000989"/>
      <testcase name="testSelectWhereBetweenOrBetween" class="test\Builder\Sql\MySql\FilterTest" classname="test.Builder.Sql.MySql.FilterTest" file="/mnt/c/Users/firei/www/query-mule/tests/Builder/Sql/Mysql/FilterTest.php" line="144" assertions="2" time="0.001214"/>
      <testcase name="testSelectWhereBetweenAndBetween" class="test\Builder\Sql\MySql\FilterTest" classname="test.Builder.Sql.MySql.FilterTest" file="/mnt/c/Users/firei/www/query-mule/tests/Builder/Sql/Mysql/FilterTest.php" line="151" assertions="2" time="0.001197"/>
      <testcase name="testSelectWhereNotBetween" class="test\Builder\Sql\MySql\FilterTest" classname="test.Builder.Sql.MySql.FilterTest" file="/mnt/c/Users/firei/www/query-mule/tests/Builder/Sql/Mysql/FilterTest.php" line="158" assertions="2" time="0.001064"/>
      <testcase name="testSelectWhereNotBetweenOrNotBetween" class="test\Builder\Sql\MySql\FilterTest" classname="test.Builder.Sql.MySql.FilterTest" file="/mnt/c/Users/firei/www/query-mule/tests/Builder/Sql/Mysql/FilterTest.php" line="165" assertions="2" time="0.001458"/>
      <testcase name="testSelectWhereNotBetweenAndNotBetween" class="test\Builder\Sql\MySql\FilterTest" classname="test.Builder.Sql.MySql.FilterTest" file="/mnt/c/Users/firei/www/query-mule/tests/Builder/Sql/Mysql/FilterTest.php" line="172" assertions="2" time="0.001398"/>
      <testcase name="testSelectWhereExists" class="test\Builder\Sql\MySql\FilterTest" classname="test.Builder.Sql.MySql.FilterTest" file="/mnt/c/Users/firei/www/query-mule/tests/Builder/Sql/Mysql/FilterTest.php" line="179" assertions="2" time="0.013010"/>
      <testcase name="testSelectWhereNotExists" class="test\Builder\Sql\MySql\FilterTest" classname="test.Builder.Sql.MySql.FilterTest" file="/mnt/c/Users/firei/www/query-mule/tests/Builder/Sql/Mysql/FilterTest.php" line="191" assertions="2" time="0.003376"/>
      <testcase name="testSelectWhereExistsOrExists" class="test\Builder\Sql\MySql\FilterTest" classname="test.Builder.Sql.MySql.FilterTest" file="/mnt/c/Users/firei/www/query-mule/tests/Builder/Sql/Mysql/FilterTest.php" line="203" assertions="2" time="0.004752"/>
      <testcase name="testSelectWhereNotExistsOrNotExists" class="test\Builder\Sql\MySql\FilterTest" classname="test.Builder.Sql.MySql.FilterTest" file="/mnt/c/Users/firei/www/query-mule/tests/Builder/Sql/Mysql/FilterTest.php" line="216" assertions="2" time="0.004995"/>
      <testcase name="testSelectWhereExistsAndExists" class="test\Builder\Sql\MySql\FilterTest" classname="test.Builder.Sql.MySql.FilterTest" file="/mnt/c/Users/firei/www/query-mule/tests/Builder/Sql/Mysql/FilterTest.php" line="229" assertions="2" time="0.004704"/>
      <testcase name="testSelectWhereNotExistsAndNotExists" class="test\Builder\Sql\MySql\FilterTest" classname="test.Builder.Sql.MySql.FilterTest" file="/mnt/c/Users/firei/www/query-mule/tests/Builder/Sql/Mysql/FilterTest.php" line="242" assertions="2" time="0.005063"/>
    </testsuite>
    <testsuite name="test\Builder\Sql\Mysql\SelectTest" file="/mnt/c/Users/firei/www/query-mule/tests/Builder/Sql/Mysql/SelectTest.php" tests="33" assertions="71" errors="0" failures="0" skipped="0" time="0.142433">
      <testcase name="testSelect" class="test\Builder\Sql\Mysql\SelectTest" classname="test.Builder.Sql.Mysql.SelectTest" file="/mnt/c/Users/firei/www/query-mule/tests/Builder/Sql/Mysql/SelectTest.php" line="34" assertions="1" time="0.000819"/>
      <testcase name="testIgnoreAlias" class="test\Builder\Sql\Mysql\SelectTest" classname="test.Builder.Sql.Mysql.SelectTest" file="/mnt/c/Users/firei/www/query-mule/tests/Builder/Sql/Mysql/SelectTest.php" line="41" assertions="1" time="0.001003"/>
      <testcase name="testSelectCols" class="test\Builder\Sql\Mysql\SelectTest" classname="test.Builder.Sql.Mysql.SelectTest" file="/mnt/c/Users/firei/www/query-mule/tests/Builder/Sql/Mysql/SelectTest.php" line="49" assertions="1" time="0.001005"/>
      <testcase name="testSelectColsWithAlias" class="test\Builder\Sql\Mysql\SelectTest" classname="test.Builder.Sql.Mysql.SelectTest" file="/mnt/c/Users/firei/www/query-mule/tests/Builder/Sql/Mysql/SelectTest.php" line="58" assertions="1" time="0.001095"/>
      <testcase name="testSelectAllCols" class="test\Builder\Sql\Mysql\SelectTest" classname="test.Builder.Sql.Mysql.SelectTest" file="/mnt/c/Users/firei/www/query-mule/tests/Builder/Sql/Mysql/SelectTest.php" line="67" assertions="1" time="0.000870"/>
      <testcase name="testSelectColsAs" class="test\Builder\Sql\Mysql\SelectTest" classname="test.Builder.Sql.Mysql.SelectTest" file="/mnt/c/Users/firei/www/query-mule/tests/Builder/Sql/Mysql/SelectTest.php" line="76" assertions="1" time="0.001019"/>
      <testcase name="testSelectColsFrom" class="test\Builder\Sql\Mysql\SelectTest" classname="test.Builder.Sql.Mysql.SelectTest" file="/mnt/c/Users/firei/www/query-mule/tests/Builder/Sql/Mysql/SelectTest.php" line="85" assertions="1" time="0.002592"/>
      <testcase name="testSelectColsFromWithAlias" class="test\Builder\Sql\Mysql\SelectTest" classname="test.Builder.Sql.Mysql.SelectTest" file="/mnt/c/Users/firei/www/query-mule/tests/Builder/Sql/Mysql/SelectTest.php" line="98" assertions="1" time="0.002669"/>
      <testcase name="testSelectWhere" class="test\Builder\Sql\Mysql\SelectTest" classname="test.Builder.Sql.Mysql.SelectTest" file="/mnt/c/Users/firei/www/query-mule/tests/Builder/Sql/Mysql/SelectTest.php" line="111" assertions="3" time="0.012504"/>
      <testcase name="testSelectWhereNot" class="test\Builder\Sql\Mysql\SelectTest" classname="test.Builder.Sql.Mysql.SelectTest" file="/mnt/c/Users/firei/www/query-mule/tests/Builder/Sql/Mysql/SelectTest.php" line="136" assertions="3" time="0.004669"/>
      <testcase name="testSelectWhereNotOrWhereNot" class="test\Builder\Sql\Mysql\SelectTest" classname="test.Builder.Sql.Mysql.SelectTest" file="/mnt/c/Users/firei/www/query-mule/tests/Builder/Sql/Mysql/SelectTest.php" line="161" assertions="3" time="0.006600"/>
      <testcase name="testSelectWhereOrWhere" class="test\Builder\Sql\Mysql\SelectTest" classname="test.Builder.Sql.Mysql.SelectTest" file="/mnt/c/Users/firei/www/query-mule/tests/Builder/Sql/Mysql/SelectTest.php" line="187" assertions="3" time="0.006238"/>
      <testcase name="testSelectWhereAndWhere" class="test\Builder\Sql\Mysql\SelectTest" classname="test.Builder.Sql.Mysql.SelectTest" file="/mnt/c/Users/firei/www/query-mule/tests/Builder/Sql/Mysql/SelectTest.php" line="213" assertions="3" time="0.005634"/>
      <testcase name="testSelectWhereIn" class="test\Builder\Sql\Mysql\SelectTest" classname="test.Builder.Sql.Mysql.SelectTest" file="/mnt/c/Users/firei/www/query-mule/tests/Builder/Sql/Mysql/SelectTest.php" line="238" assertions="3" time="0.004698"/>
      <testcase name="testSelectWhereInOrWhereIn" class="test\Builder\Sql\Mysql\SelectTest" classname="test.Builder.Sql.Mysql.SelectTest" file="/mnt/c/Users/firei/www/query-mule/tests/Builder/Sql/Mysql/SelectTest.php" line="263" assertions="3" time="0.006797"/>
      <testcase name="testSelectWhereNotIn" class="test\Builder\Sql\Mysql\SelectTest" classname="test.Builder.Sql.Mysql.SelectTest" file="/mnt/c/Users/firei/www/query-mule/tests/Builder/Sql/Mysql/SelectTest.php" line="289" assertions="3" time="0.004687"/>
      <testcase name="testSelectWhereNotInOrWhereNotIn" class="test\Builder\Sql\Mysql\SelectTest" classname="test.Builder.Sql.Mysql.SelectTest" file="/mnt/c/Users/firei/www/query-mule/tests/Builder/Sql/Mysql/SelectTest.php" line="314" assertions="3" time="0.006862"/>
      <testcase name="testSelectWhereBetween" class="test\Builder\Sql\Mysql\SelectTest" classname="test.Builder.Sql.Mysql.SelectTest" file="/mnt/c/Users/firei/www/query-mule/tests/Builder/Sql/Mysql/SelectTest.php" line="340" assertions="3" time="0.004659"/>
      <testcase name="testSelectWhereBetweenOrWhereBetween" class="test\Builder\Sql\Mysql\SelectTest" classname="test.Builder.Sql.Mysql.SelectTest" file="/mnt/c/Users/firei/www/query-mule/tests/Builder/Sql/Mysql/SelectTest.php" line="365" assertions="3" time="0.006222"/>
      <testcase name="testSelectWhereNotBetween" class="test\Builder\Sql\Mysql\SelectTest" classname="test.Builder.Sql.Mysql.SelectTest" file="/mnt/c/Users/firei/www/query-mule/tests/Builder/Sql/Mysql/SelectTest.php" line="391" assertions="3" time="0.004625"/>
      <testcase name="testSelectNotWhereBetweenOrNotWhereBetween" class="test\Builder\Sql\Mysql\SelectTest" classname="test.Builder.Sql.Mysql.SelectTest" file="/mnt/c/Users/firei/www/query-mule/tests/Builder/Sql/Mysql/SelectTest.php" line="416" assertions="3" time="0.006140"/>
      <testcase name="testSelectWhereExists" class="test\Builder\Sql\Mysql\SelectTest" classname="test.Builder.Sql.Mysql.SelectTest" file="/mnt/c/Users/firei/www/query-mule/tests/Builder/Sql/Mysql/SelectTest.php" line="442" assertions="3" time="0.004572"/>
      <testcase name="testSelectNotWhereExists" class="test\Builder\Sql\Mysql\SelectTest" classname="test.Builder.Sql.Mysql.SelectTest" file="/mnt/c/Users/firei/www/query-mule/tests/Builder/Sql/Mysql/SelectTest.php" line="467" assertions="3" time="0.004681"/>
      <testcase name="testSelectWhereExistsOrWhereExists" class="test\Builder\Sql\Mysql\SelectTest" classname="test.Builder.Sql.Mysql.SelectTest" file="/mnt/c/Users/firei/www/query-mule/tests/Builder/Sql/Mysql/SelectTest.php" line="492" assertions="3" time="0.006107"/>
      <testcase name="testSelectNotWhereExistsOrNotWhereExists" class="test\Builder\Sql\Mysql\SelectTest" classname="test.Builder.Sql.Mysql.SelectTest" file="/mnt/c/Users/firei/www/query-mule/tests/Builder/Sql/Mysql/SelectTest.php" line="518" assertions="3" time="0.006153"/>
      <testcase name="testSelectColsFromGroupBy" class="test\Builder\Sql\Mysql\SelectTest" classname="test.Builder.Sql.Mysql.SelectTest" file="/mnt/c/Users/firei/www/query-mule/tests/Builder/Sql/Mysql/SelectTest.php" line="544" assertions="1" time="0.002741"/>
      <testcase name="testSelectColsFromGroupByWithAlias" class="test\Builder\Sql\Mysql\SelectTest" classname="test.Builder.Sql.Mysql.SelectTest" file="/mnt/c/Users/firei/www/query-mule/tests/Builder/Sql/Mysql/SelectTest.php" line="558" assertions="1" time="0.002774"/>
      <testcase name="testSelectColsFromOrderBy" class="test\Builder\Sql\Mysql\SelectTest" classname="test.Builder.Sql.Mysql.SelectTest" file="/mnt/c/Users/firei/www/query-mule/tests/Builder/Sql/Mysql/SelectTest.php" line="572" assertions="1" time="0.002816"/>
      <testcase name="testSelectColsFromOrderByWithAlias" class="test\Builder\Sql\Mysql\SelectTest" classname="test.Builder.Sql.Mysql.SelectTest" file="/mnt/c/Users/firei/www/query-mule/tests/Builder/Sql/Mysql/SelectTest.php" line="586" assertions="1" time="0.002841"/>
      <testcase name="testSelectColsFromLimit" class="test\Builder\Sql\Mysql\SelectTest" classname="test.Builder.Sql.Mysql.SelectTest" file="/mnt/c/Users/firei/www/query-mule/tests/Builder/Sql/Mysql/SelectTest.php" line="608" assertions="1" time="0.002695"/>
      <testcase name="testSelectColsFromLimitOffset" class="test\Builder\Sql\Mysql\SelectTest" classname="test.Builder.Sql.Mysql.SelectTest" file="/mnt/c/Users/firei/www/query-mule/tests/Builder/Sql/Mysql/SelectTest.php" line="622" assertions="1" time="0.002675"/>
      <testcase name="testSelectColsFromWhereUnionSelectColsFromWhereWithAlias" class="test\Builder\Sql\Mysql\SelectTest" classname="test.Builder.Sql.Mysql.SelectTest" file="/mnt/c/Users/firei/www/query-mule/tests/Builder/Sql/Mysql/SelectTest.php" line="637" assertions="3" time="0.006624"/>
      <testcase name="testSelectColsFromWhereUnionAllSelectColsFromWhere" class="test\Builder\Sql\Mysql\SelectTest" classname="test.Builder.Sql.Mysql.SelectTest" file="/mnt/c/Users/firei/www/query-mule/tests/Builder/Sql/Mysql/SelectTest.php" line="667" assertions="3" time="0.006347"/>
    </testsuite>
    <testsuite name="test\Builder\Sql\Pgsql\FilterTest" file="/mnt/c/Users/firei/www/query-mule/tests/Builder/Sql/Pgsql/FilterTest.php" tests="24" assertions="48" errors="0" failures="0" skipped="0" time="0.048353">
      <testcase name="testSelectWhere" class="test\Builder\Sql\Pgsql\FilterTest" classname="test.Builder.Sql.Pgsql.FilterTest" file="/mnt/c/Users/firei/www/query-mule/tests/Builder/Sql/Pgsql/FilterTest.php" line="34" assertions="2" time="0.000982"/>
      <testcase name="testSelectWhereWithAlias" class="test\Builder\Sql\Pgsql\FilterTest" classname="test.Builder.Sql.Pgsql.FilterTest" file="/mnt/c/Users/firei/www/query-mule/tests/Builder/Sql/Pgsql/FilterTest.php" line="41" assertions="2" time="0.000971"/>
      <testcase name="testSelectWhereAndNestedWhere" class="test\Builder\Sql\Pgsql\FilterTest" classname="test.Builder.Sql.Pgsql.FilterTest" file="/mnt/c/Users/firei/www/query-mule/tests/Builder/Sql/Pgsql/FilterTest.php" line="48" assertions="2" time="0.001863"/>
      <testcase name="testSelectWhereAndWhere" class="test\Builder\Sql\Pgsql\FilterTest" classname="test.Builder.Sql.Pgsql.FilterTest" file="/mnt/c/Users/firei/www/query-mule/tests/Builder/Sql/Pgsql/FilterTest.php" line="62" assertions="2" time="0.001221"/>
      <testcase name="testSelectWhereOrWhere" class="test\Builder\Sql\Pgsql\FilterTest" classname="test.Builder.Sql.Pgsql.FilterTest" file="/mnt/c/Users/firei/www/query-mule/tests/Builder/Sql/Pgsql/FilterTest.php" line="69" assertions="2" time="0.001207"/>
      <testcase name="testSelectWhereIn" class="test\Builder\Sql\Pgsql\FilterTest" classname="test.Builder.Sql.Pgsql.FilterTest" file="/mnt/c/Users/firei/www/query-mule/tests/Builder/Sql/Pgsql/FilterTest.php" line="76" assertions="2" time="0.000985"/>
      <testcase name="testSelectWhereInOrIn" class="test\Builder\Sql\Pgsql\FilterTest" classname="test.Builder.Sql.Pgsql.FilterTest" file="/mnt/c/Users/firei/www/query-mule/tests/Builder/Sql/Pgsql/FilterTest.php" line="83" assertions="2" time="0.001240"/>
      <testcase name="testSelectWhereNotIn" class="test\Builder\Sql\Pgsql\FilterTest" classname="test.Builder.Sql.Pgsql.FilterTest" file="/mnt/c/Users/firei/www/query-mule/tests/Builder/Sql/Pgsql/FilterTest.php" line="90" assertions="2" time="0.001064"/>
      <testcase name="testSelectWhereNotInAndIn" class="test\Builder\Sql\Pgsql\FilterTest" classname="test.Builder.Sql.Pgsql.FilterTest" file="/mnt/c/Users/firei/www/query-mule/tests/Builder/Sql/Pgsql/FilterTest.php" line="97" assertions="2" time="0.001451"/>
      <testcase name="testSelectWhereNotInOrIn" class="test\Builder\Sql\Pgsql\FilterTest" classname="test.Builder.Sql.Pgsql.FilterTest" file="/mnt/c/Users/firei/www/query-mule/tests/Builder/Sql/Pgsql/FilterTest.php" line="104" assertions="2" time="0.001449"/>
      <testcase name="testSelectWhereNot" class="test\Builder\Sql\Pgsql\FilterTest" classname="test.Builder.Sql.Pgsql.FilterTest" file="/mnt/c/Users/firei/www/query-mule/tests/Builder/Sql/Pgsql/FilterTest.php" line="111" assertions="2" time="0.001070"/>
      <testcase name="testSelectWhereNotAndNot" class="test\Builder\Sql\Pgsql\FilterTest" classname="test.Builder.Sql.Pgsql.FilterTest" file="/mnt/c/Users/firei/www/query-mule/tests/Builder/Sql/Pgsql/FilterTest.php" line="118" assertions="2" time="0.001383"/>
      <testcase name="testSelectWhereBetween" class="test\Builder\Sql\Pgsql\FilterTest" classname="test.Builder.Sql.Pgsql.FilterTest" file="/mnt/c/Users/firei/www/query-mule/tests/Builder/Sql/Pgsql/FilterTest.php" line="125" assertions="2" time="0.000968"/>
      <testcase name="testSelectWhereBetweenOrBetween" class="test\Builder\Sql\Pgsql\FilterTest" classname="test.Builder.Sql.Pgsql.FilterTest" file="/mnt/c/Users/firei/www/query-mule/tests/Builder/Sql/Pgsql/FilterTest.php" line="132" assertions="2" time="0.001224"/>
      <testcase name="testSelectWhereBetweenAndBetween" class="test\Builder\Sql\Pgsql\FilterTest" classname="test.Builder.Sql.Pgsql.FilterTest" file="/mnt/c/Users/firei/www/query-mule/tests/Builder/Sql/Pgsql/FilterTest.php" line="139" assertions="2" time="0.001229"/>
      <testcase name="testSelectWhereNotBetween" class="test\Builder\Sql\Pgsql\FilterTest" classname="test.Builder.Sql.Pgsql.FilterTest" file="/mnt/c/Users/firei/www/query-mule/tests/Builder/Sql/Pgsql/FilterTest.php" line="146" assertions="2" time="0.001060"/>
      <testcase name="testSelectWhereNotBetweenOrNotBetween" class="test\Builder\Sql\Pgsql\FilterTest" classname="test.Builder.Sql.Pgsql.FilterTest" file="/mnt/c/Users/firei/www/query-mule/tests/Builder/Sql/Pgsql/FilterTest.php" line="153" assertions="2" time="0.001416"/>
      <testcase name="testSelectWhereNotBetweenAndNotBetween" class="test\Builder\Sql\Pgsql\FilterTest" classname="test.Builder.Sql.Pgsql.FilterTest" file="/mnt/c/Users/firei/www/query-mule/tests/Builder/Sql/Pgsql/FilterTest.php" line="160" assertions="2" time="0.001396"/>
      <testcase name="testSelectWhereExists" class="test\Builder\Sql\Pgsql\FilterTest" classname="test.Builder.Sql.Pgsql.FilterTest" file="/mnt/c/Users/firei/www/query-mule/tests/Builder/Sql/Pgsql/FilterTest.php" line="167" assertions="2" time="0.003198"/>
      <testcase name="testSelectWhereNotExists" class="test\Builder\Sql\Pgsql\FilterTest" classname="test.Builder.Sql.Pgsql.FilterTest" file="/mnt/c/Users/firei/www/query-mule/tests/Builder/Sql/Pgsql/FilterTest.php" line="179" assertions="2" time="0.003300"/>
      <testcase name="testSelectWhereExistsOrExists" class="test\Builder\Sql\Pgsql\FilterTest" classname="test.Builder.Sql.Pgsql.FilterTest" file="/mnt/c/Users/firei/www/query-mule/tests/Builder/Sql/Pgsql/FilterTest.php" line="191" assertions="2" time="0.004626"/>
      <testcase name="testSelectWhereNotExistsOrNotExists" class="test\Builder\Sql\Pgsql\FilterTest" classname="test.Builder.Sql.Pgsql.FilterTest" file="/mnt/c/Users/firei/www/query-mule/tests/Builder/Sql/Pgsql/FilterTest.php" line="204" assertions="2" time="0.004892"/>
      <testcase name="testSelectWhereExistsAndExists" class="test\Builder\Sql\Pgsql\FilterTest" classname="test.Builder.Sql.Pgsql.FilterTest" file="/mnt/c/Users/firei/www/query-mule/tests/Builder/Sql/Pgsql/FilterTest.php" line="217" assertions="2" time="0.004778"/>
      <testcase name="testSelectWhereNotExistsAndNotExists" class="test\Builder\Sql\Pgsql\FilterTest" classname="test.Builder.Sql.Pgsql.FilterTest" file="/mnt/c/Users/firei/www/query-mule/tests/Builder/Sql/Pgsql/FilterTest.php" line="230" assertions="2" time="0.005380"/>
    </testsuite>
    <testsuite name="test\Builder\Sql\Pgsql\SelectTest" file="/mnt/c/Users/firei/www/query-mule/tests/Builder/Sql/Pgsql/SelectTest.php" tests="10" assertions="10" errors="0" failures="0" skipped="0" time="0.020041">
      <testcase name="testSelect" class="test\Builder\Sql\Pgsql\SelectTest" classname="test.Builder.Sql.Pgsql.SelectTest" file="/mnt/c/Users/firei/www/query-mule/tests/Builder/Sql/Pgsql/SelectTest.php" line="41" assertions="1" time="0.000740"/>
      <testcase name="testIgnoreAlias" class="test\Builder\Sql\Pgsql\SelectTest" classname="test.Builder.Sql.Pgsql.SelectTest" file="/mnt/c/Users/firei/www/query-mule/tests/Builder/Sql/Pgsql/SelectTest.php" line="48" assertions="1" time="0.000953"/>
      <testcase name="testSelectCols" class="test\Builder\Sql\Pgsql\SelectTest" classname="test.Builder.Sql.Pgsql.SelectTest" file="/mnt/c/Users/firei/www/query-mule/tests/Builder/Sql/Pgsql/SelectTest.php" line="56" assertions="1" time="0.001000"/>
      <testcase name="testSelectColsWithAlias" class="test\Builder\Sql\Pgsql\SelectTest" classname="test.Builder.Sql.Pgsql.SelectTest" file="/mnt/c/Users/firei/www/query-mule/tests/Builder/Sql/Pgsql/SelectTest.php" line="65" assertions="1" time="0.001011"/>
      <testcase name="testSelectAllCols" class="test\Builder\Sql\Pgsql\SelectTest" classname="test.Builder.Sql.Pgsql.SelectTest" file="/mnt/c/Users/firei/www/query-mule/tests/Builder/Sql/Pgsql/SelectTest.php" line="74" assertions="1" time="0.000818"/>
      <testcase name="testSelectColsAs" class="test\Builder\Sql\Pgsql\SelectTest" classname="test.Builder.Sql.Pgsql.SelectTest" file="/mnt/c/Users/firei/www/query-mule/tests/Builder/Sql/Pgsql/SelectTest.php" line="83" assertions="1" time="0.000993"/>
      <testcase name="testSelectColsFrom" class="test\Builder\Sql\Pgsql\SelectTest" classname="test.Builder.Sql.Pgsql.SelectTest" file="/mnt/c/Users/firei/www/query-mule/tests/Builder/Sql/Pgsql/SelectTest.php" line="92" assertions="1" time="0.002634"/>
      <testcase name="testSelectColsFromWithAlias" class="test\Builder\Sql\Pgsql\SelectTest" classname="test.Builder.Sql.Pgsql.SelectTest" file="/mnt/c/Users/firei/www/query-mule/tests/Builder/Sql/Pgsql/SelectTest.php" line="105" assertions="1" time="0.002532"/>
      <testcase name="testSelectWhereFilterCall" class="test\Builder\Sql\Pgsql\SelectTest" classname="test.Builder.Sql.Pgsql.SelectTest" file="/mnt/c/Users/firei/www/query-mule/tests/Builder/Sql/Pgsql/SelectTest.php" line="118" assertions="1" time="0.004751"/>
      <testcase name="testSelectOrWhereFilterCall" class="test\Builder\Sql\Pgsql\SelectTest" classname="test.Builder.Sql.Pgsql.SelectTest" file="/mnt/c/Users/firei/www/query-mule/tests/Builder/Sql/Pgsql/SelectTest.php" line="136" assertions="1" time="0.004608"/>
    </testsuite>
    <testsuite name="test\Builder\Sql\Sqlite\FilterTest" file="/mnt/c/Users/firei/www/query-mule/tests/Builder/Sql/Sqlite/FilterTest.php" tests="24" assertions="48" errors="0" failures="0" skipped="0" time="0.048759">
      <testcase name="testSelectWhere" class="test\Builder\Sql\Sqlite\FilterTest" classname="test.Builder.Sql.Sqlite.FilterTest" file="/mnt/c/Users/firei/www/query-mule/tests/Builder/Sql/Sqlite/FilterTest.php" line="33" assertions="2" time="0.000984"/>
      <testcase name="testSelectWhereWithAlias" class="test\Builder\Sql\Sqlite\FilterTest" classname="test.Builder.Sql.Sqlite.FilterTest" file="/mnt/c/Users/firei/www/query-mule/tests/Builder/Sql/Sqlite/FilterTest.php" line="40" assertions="2" time="0.000985"/>
      <testcase name="testSelectWhereAndNestedWhere" class="test\Builder\Sql\Sqlite\FilterTest" classname="test.Builder.Sql.Sqlite.FilterTest" file="/mnt/c/Users/firei/www/query-mule/tests/Builder/Sql/Sqlite/FilterTest.php" line="47" assertions="2" time="0.001812"/>
      <testcase name="testSelectWhereAndWhere" class="test\Builder\Sql\Sqlite\FilterTest" classname="test.Builder.Sql.Sqlite.FilterTest" file="/mnt/c/Users/firei/www/query-mule/tests/Builder/Sql/Sqlite/FilterTest.php" line="61" assertions="2" time="0.001233"/>
      <testcase name="testSelectWhereOrWhere" class="test\Builder\Sql\Sqlite\FilterTest" classname="test.Builder.Sql.Sqlite.FilterTest" file="/mnt/c/Users/firei/www/query-mule/tests/Builder/Sql/Sqlite/FilterTest.php" line="68" assertions="2" time="0.001238"/>
      <testcase name="testSelectWhereIn" class="test\Builder\Sql\Sqlite\FilterTest" classname="test.Builder.Sql.Sqlite.FilterTest" file="/mnt/c/Users/firei/www/query-mule/tests/Builder/Sql/Sqlite/FilterTest.php" line="75" assertions="2" time="0.000974"/>
      <testcase name="testSelectWhereInOrIn" class="test\Builder\Sql\Sqlite\FilterTest" classname="test.Builder.Sql.Sqlite.FilterTest" file="/mnt/c/Users/firei/www/query-mule/tests/Builder/Sql/Sqlite/FilterTest.php" line="82" assertions="2" time="0.001255"/>
      <testcase name="testSelectWhereNotIn" class="test\Builder\Sql\Sqlite\FilterTest" classname="test.Builder.Sql.Sqlite.FilterTest" file="/mnt/c/Users/firei/www/query-mule/tests/Builder/Sql/Sqlite/FilterTest.php" line="89" assertions="2" time="0.001066"/>
      <testcase name="testSelectWhereNotInAndIn" class="test\Builder\Sql\Sqlite\FilterTest" classname="test.Builder.Sql.Sqlite.FilterTest" file="/mnt/c/Users/firei/www/query-mule/tests/Builder/Sql/Sqlite/FilterTest.php" line="96" assertions="2" time="0.001374"/>
      <testcase name="testSelectWhereNotInOrIn" class="test\Builder\Sql\Sqlite\FilterTest" classname="test.Builder.Sql.Sqlite.FilterTest" file="/mnt/c/Users/firei/www/query-mule/tests/Builder/Sql/Sqlite/FilterTest.php" line="103" assertions="2" time="0.001463"/>
      <testcase name="testSelectWhereNot" class="test\Builder\Sql\Sqlite\FilterTest" classname="test.Builder.Sql.Sqlite.FilterTest" file="/mnt/c/Users/firei/www/query-mule/tests/Builder/Sql/Sqlite/FilterTest.php" line="110" assertions="2" time="0.001085"/>
      <testcase name="testSelectWhereNotAndNot" class="test\Builder\Sql\Sqlite\FilterTest" classname="test.Builder.Sql.Sqlite.FilterTest" file="/mnt/c/Users/firei/www/query-mule/tests/Builder/Sql/Sqlite/FilterTest.php" line="117" assertions="2" time="0.001348"/>
      <testcase name="testSelectWhereBetween" class="test\Builder\Sql\Sqlite\FilterTest" classname="test.Builder.Sql.Sqlite.FilterTest" file="/mnt/c/Users/firei/www/query-mule/tests/Builder/Sql/Sqlite/FilterTest.php" line="124" assertions="2" time="0.000937"/>
      <testcase name="testSelectWhereBetweenOrBetween" class="test\Builder\Sql\Sqlite\FilterTest" classname="test.Builder.Sql.Sqlite.FilterTest" file="/mnt/c/Users/firei/www/query-mule/tests/Builder/Sql/Sqlite/FilterTest.php" line="131" assertions="2" time="0.001446"/>
      <testcase name="testSelectWhereBetweenAndBetween" class="test\Builder\Sql\Sqlite\FilterTest" classname="test.Builder.Sql.Sqlite.FilterTest" file="/mnt/c/Users/firei/www/query-mule/tests/Builder/Sql/Sqlite/FilterTest.php" line="138" assertions="2" time="0.001279"/>
      <testcase name="testSelectWhereNotBetween" class="test\Builder\Sql\Sqlite\FilterTest" classname="test.Builder.Sql.Sqlite.FilterTest" file="/mnt/c/Users/firei/www/query-mule/tests/Builder/Sql/Sqlite/FilterTest.php" line="145" assertions="2" time="0.001069"/>
      <testcase name="testSelectWhereNotBetweenOrNotBetween" class="test\Builder\Sql\Sqlite\FilterTest" classname="test.Builder.Sql.Sqlite.FilterTest" file="/mnt/c/Users/firei/www/query-mule/tests/Builder/Sql/Sqlite/FilterTest.php" line="152" assertions="2" time="0.001912"/>
      <testcase name="testSelectWhereNotBetweenAndNotBetween" class="test\Builder\Sql\Sqlite\FilterTest" classname="test.Builder.Sql.Sqlite.FilterTest" file="/mnt/c/Users/firei/www/query-mule/tests/Builder/Sql/Sqlite/FilterTest.php" line="159" assertions="2" time="0.001429"/>
      <testcase name="testSelectWhereExists" class="test\Builder\Sql\Sqlite\FilterTest" classname="test.Builder.Sql.Sqlite.FilterTest" file="/mnt/c/Users/firei/www/query-mule/tests/Builder/Sql/Sqlite/FilterTest.php" line="166" assertions="2" time="0.003189"/>
      <testcase name="testSelectWhereNotExists" class="test\Builder\Sql\Sqlite\FilterTest" classname="test.Builder.Sql.Sqlite.FilterTest" file="/mnt/c/Users/firei/www/query-mule/tests/Builder/Sql/Sqlite/FilterTest.php" line="178" assertions="2" time="0.003241"/>
      <testcase name="testSelectWhereExistsOrExists" class="test\Builder\Sql\Sqlite\FilterTest" classname="test.Builder.Sql.Sqlite.FilterTest" file="/mnt/c/Users/firei/www/query-mule/tests/Builder/Sql/Sqlite/FilterTest.php" line="190" assertions="2" time="0.005080"/>
      <testcase name="testSelectWhereNotExistsOrNotExists" class="test\Builder\Sql\Sqlite\FilterTest" classname="test.Builder.Sql.Sqlite.FilterTest" file="/mnt/c/Users/firei/www/query-mule/tests/Builder/Sql/Sqlite/FilterTest.php" line="203" assertions="2" time="0.004845"/>
      <testcase name="testSelectWhereExistsAndExists" class="test\Builder\Sql\Sqlite\FilterTest" classname="test.Builder.Sql.Sqlite.FilterTest" file="/mnt/c/Users/firei/www/query-mule/tests/Builder/Sql/Sqlite/FilterTest.php" line="216" assertions="2" time="0.004625"/>
      <testcase name="testSelectWhereNotExistsAndNotExists" class="test\Builder\Sql\Sqlite\FilterTest" classname="test.Builder.Sql.Sqlite.FilterTest" file="/mnt/c/Users/firei/www/query-mule/tests/Builder/Sql/Sqlite/FilterTest.php" line="229" assertions="2" time="0.004890"/>
    </testsuite>
    <testsuite name="test\Builder\Sql\Sqlite\SelectTest" file="/mnt/c/Users/firei/www/query-mule/tests/Builder/Sql/Sqlite/SelectTest.php" tests="10" assertions="10" errors="0" failures="0" skipped="0" time="0.019651">
      <testcase name="testSelect" class="test\Builder\Sql\Sqlite\SelectTest" classname="test.Builder.Sql.Sqlite.SelectTest" file="/mnt/c/Users/firei/www/query-mule/tests/Builder/Sql/Sqlite/SelectTest.php" line="35" assertions="1" time="0.000729"/>
      <testcase name="testIgnoreAlias" class="test\Builder\Sql\Sqlite\SelectTest" classname="test.Builder.Sql.Sqlite.SelectTest" file="/mnt/c/Users/firei/www/query-mule/tests/Builder/Sql/Sqlite/SelectTest.php" line="42" assertions="1" time="0.000937"/>
      <testcase name="testSelectCols" class="test\Builder\Sql\Sqlite\SelectTest" classname="test.Builder.Sql.Sqlite.SelectTest" file="/mnt/c/Users/firei/www/query-mule/tests/Builder/Sql/Sqlite/SelectTest.php" line="50" assertions="1" time="0.001010"/>
      <testcase name="testSelectColsWithAlias" class="test\Builder\Sql\Sqlite\SelectTest" classname="test.Builder.Sql.Sqlite.SelectTest" file="/mnt/c/Users/firei/www/query-mule/tests/Builder/Sql/Sqlite/SelectTest.php" line="59" assertions="1" time="0.000954"/>
      <testcase name="testSelectAllCols" class="test\Builder\Sql\Sqlite\SelectTest" classname="test.Builder.Sql.Sqlite.SelectTest" file="/mnt/c/Users/firei/www/query-mule/tests/Builder/Sql/Sqlite/SelectTest.php" line="68" assertions="1" time="0.000772"/>
      <testcase name="testSelectColsAs" class="test\Builder\Sql\Sqlite\SelectTest" classname="test.Builder.Sql.Sqlite.SelectTest" file="/mnt/c/Users/firei/www/query-mule/tests/Builder/Sql/Sqlite/SelectTest.php" line="77" assertions="1" time="0.000926"/>
      <testcase name="testSelectColsFrom" class="test\Builder\Sql\Sqlite\SelectTest" classname="test.Builder.Sql.Sqlite.SelectTest" file="/mnt/c/Users/firei/www/query-mule/tests/Builder/Sql/Sqlite/SelectTest.php" line="86" assertions="1" time="0.002594"/>
      <testcase name="testSelectColsFromWithAlias" class="test\Builder\Sql\Sqlite\SelectTest" classname="test.Builder.Sql.Sqlite.SelectTest" file="/mnt/c/Users/firei/www/query-mule/tests/Builder/Sql/Sqlite/SelectTest.php" line="99" assertions="1" time="0.002519"/>
      <testcase name="testSelectWhereFilterCall" class="test\Builder\Sql\Sqlite\SelectTest" classname="test.Builder.Sql.Sqlite.SelectTest" file="/mnt/c/Users/firei/www/query-mule/tests/Builder/Sql/Sqlite/SelectTest.php" line="112" assertions="1" time="0.004667"/>
      <testcase name="testSelectOrWhereFilterCall" class="test\Builder\Sql\Sqlite\SelectTest" classname="test.Builder.Sql.Sqlite.SelectTest" file="/mnt/c/Users/firei/www/query-mule/tests/Builder/Sql/Sqlite/SelectTest.php" line="130" assertions="1" time="0.004544"/>
    </testsuite>
    <testsuite name="test\Query\Repository\Table\TableTest" file="/mnt/c/Users/firei/www/query-mule/tests/Query/Repository/Table/TableTest.php" tests="4" assertions="7" errors="0" failures="0" skipped="0" time="0.023628">
      <testcase name="testMake" class="test\Query\Repository\Table\TableTest" classname="test.Query.Repository.Table.TableTest" file="/mnt/c/Users/firei/www/query-mule/tests/Query/Repository/Table/TableTest.php" line="22" assertions="1" time="0.015458"/>
      <testcase name="testSetName" class="test\Query\Repository\Table\TableTest" classname="test.Query.Repository.Table.TableTest" file="/mnt/c/Users/firei/www/query-mule/tests/Query/Repository/Table/TableTest.php" line="29" assertions="1" time="0.001608"/>
      <testcase name="testFilter" class="test\Query\Repository\Table\TableTest" classname="test.Query.Repository.Table.TableTest" file="/mnt/c/Users/firei/www/query-mule/tests/Query/Repository/Table/TableTest.php" line="39" assertions="3" time="0.003330"/>
      <testcase name="testSelect" class="test\Query\Repository\Table\TableTest" classname="test.Query.Repository.Table.TableTest" file="/mnt/c/Users/firei/www/query-mule/tests/Query/Repository/Table/TableTest.php" line="54" assertions="2" time="0.003232"/>
    </testsuite>
    <testsuite name="test\Builder\Sql\Mysql\ComparisionTest" file="/mnt/c/Users/firei/www/query-mule/tests/Query/Sql/Operator/ComparisionTest.php" tests="12" assertions="24" errors="0" failures="0" skipped="0" time="0.008157">
      <testcase name="testEqualTo" class="test\Builder\Sql\Mysql\ComparisionTest" classname="test.Builder.Sql.Mysql.ComparisionTest" file="/mnt/c/Users/firei/www/query-mule/tests/Query/Sql/Operator/ComparisionTest.php" line="31" assertions="2" time="0.000672"/>
      <testcase name="testEqualToSql" class="test\Builder\Sql\Mysql\ComparisionTest" classname="test.Builder.Sql.Mysql.ComparisionTest" file="/mnt/c/Users/firei/www/query-mule/tests/Query/Sql/Operator/ComparisionTest.php" line="39" assertions="2" time="0.000696"/>
      <testcase name="testGreaterThan" class="test\Builder\Sql\Mysql\ComparisionTest" classname="test.Builder.Sql.Mysql.ComparisionTest" file="/mnt/c/Users/firei/www/query-mule/tests/Query/Sql/Operator/ComparisionTest.php" line="47" assertions="2" time="0.000661"/>
      <testcase name="testGreaterThanSql" class="test\Builder\Sql\Mysql\ComparisionTest" classname="test.Builder.Sql.Mysql.ComparisionTest" file="/mnt/c/Users/firei/www/query-mule/tests/Query/Sql/Operator/ComparisionTest.php" line="55" assertions="2" time="0.000668"/>
      <testcase name="testGreaterThanEqualTo" class="test\Builder\Sql\Mysql\ComparisionTest" classname="test.Builder.Sql.Mysql.ComparisionTest" file="/mnt/c/Users/firei/www/query-mule/tests/Query/Sql/Operator/ComparisionTest.php" line="63" assertions="2" time="0.000671"/>
      <testcase name="testGreaterThanEqualToSql" class="test\Builder\Sql\Mysql\ComparisionTest" classname="test.Builder.Sql.Mysql.ComparisionTest" file="/mnt/c/Users/firei/www/query-mule/tests/Query/Sql/Operator/ComparisionTest.php" line="71" assertions="2" time="0.000673"/>
      <testcase name="testLessThan" class="test\Builder\Sql\Mysql\ComparisionTest" classname="test.Builder.Sql.Mysql.ComparisionTest" file="/mnt/c/Users/firei/www/query-mule/tests/Query/Sql/Operator/ComparisionTest.php" line="79" assertions="2" time="0.000651"/>
      <testcase name="testLessThanSql" class="test\Builder\Sql\Mysql\ComparisionTest" classname="test.Builder.Sql.Mysql.ComparisionTest" file="/mnt/c/Users/firei/www/query-mule/tests/Query/Sql/Operator/ComparisionTest.php" line="87" assertions="2" time="0.000725"/>
      <testcase name="testLessThanEqualTo" class="test\Builder\Sql\Mysql\ComparisionTest" classname="test.Builder.Sql.Mysql.ComparisionTest" file="/mnt/c/Users/firei/www/query-mule/tests/Query/Sql/Operator/ComparisionTest.php" line="95" assertions="2" time="0.000687"/>
      <testcase name="testLessThanEqualToSql" class="test\Builder\Sql\Mysql\ComparisionTest" classname="test.Builder.Sql.Mysql.ComparisionTest" file="/mnt/c/Users/firei/www/query-mule/tests/Query/Sql/Operator/ComparisionTest.php" line="103" assertions="2" time="0.000698"/>
      <testcase name="testNotEqualTo" class="test\Builder\Sql\Mysql\ComparisionTest" classname="test.Builder.Sql.Mysql.ComparisionTest" file="/mnt/c/Users/firei/www/query-mule/tests/Query/Sql/Operator/ComparisionTest.php" line="111" assertions="2" time="0.000665"/>
      <testcase name="testNotEqualToSql" class="test\Builder\Sql\Mysql\ComparisionTest" classname="test.Builder.Sql.Mysql.ComparisionTest" file="/mnt/c/Users/firei/www/query-mule/tests/Query/Sql/Operator/ComparisionTest.php" line="119" assertions="2" time="0.000690"/>
    </testsuite>
    <testsuite name="test\Query\Sql\SqlTest" file="/mnt/c/Users/firei/www/query-mule/tests/Query/Sql/SqlTest.php" tests="2" assertions="2" errors="0" failures="0" skipped="0" time="0.001128">
      <testcase name="testSql" class="test\Query\Sql\SqlTest" classname="test.Query.Sql.SqlTest" file="/mnt/c/Users/firei/www/query-mule/tests/Query/Sql/SqlTest.php" line="15" assertions="1" time="0.000568"/>
      <testcase name="testParameters" class="test\Query\Sql\SqlTest" classname="test.Query.Sql.SqlTest" file="/mnt/c/Users/firei/www/query-mule/tests/Query/Sql/SqlTest.php" line="21" assertions="1" time="0.000560"/>
    </testsuite>
  </testsuite>
</testsuites>
